// Jest Snapshot v1, https://goo.gl/fbAQLP

exports[`<FaresoneMenu /> Should render properly 1`] = `
<div
  className="no-print"
>
  <div
    className="ui inverted menu"
  >
    <a
      className="item"
      href="#/"
      onClick={[Function]}
    >
      Hjem
    </a>
    <a
      className="item"
      href="#/dangerzone"
      onClick={[Function]}
    >
      Faresonen
    </a>
    <a
      className="item"
      href="#/gigsports"
      onClick={[Function]}
    >
      GIG Sports
    </a>
    <a
      className="item"
      href="#/fantasy"
      onClick={[Function]}
    >
      Fantasy PL
    </a>
    <a
      className="item"
      href="#/fantasy/stats"
      onClick={[Function]}
    >
      Statistikk
    </a>
    <a
      className="item"
      href="#/premierleague"
      onClick={[Function]}
    >
      Premier League-verkt√∏y
    </a>
    <div
      aria-busy={undefined}
      aria-disabled={undefined}
      aria-expanded={false}
      aria-multiselectable={undefined}
      className="ui item dropdown"
      onBlur={[Function]}
      onChange={[Function]}
      onClick={[Function]}
      onFocus={[Function]}
      onMouseDown={[Function]}
      role="listbox"
      tabIndex={0}
    >
      <div
        aria-live="polite"
        className="text"
        role="alert"
      >
        Admin
      </div>
      <i
        aria-hidden="true"
        className="dropdown icon"
        onClick={[Function]}
      />
      <div
        className="menu transition"
      >
        <a
          aria-checked={undefined}
          aria-disabled={undefined}
          aria-selected={undefined}
          className="item"
          href="#/admin"
          name="admin"
          onClick={[Function]}
          role="option"
        >
          <span
            className="text"
          >
            Logg inn
          </span>
        </a>
        <a
          aria-checked={undefined}
          aria-disabled={undefined}
          aria-selected={undefined}
          className="item"
          href="#/newuser"
          name="newuser"
          onClick={[Function]}
          role="option"
        >
          <span
            className="text"
          >
            Opprett ny bruker
          </span>
        </a>
      </div>
    </div>
    <a
      className="right item"
      href="#/about"
      onClick={[Function]}
    >
      Om
    </a>
  </div>
</div>
`;
