// Jest Snapshot v1, https://goo.gl/fbAQLP

exports[`<MatchInfo /> Should render correctly 1`] = `
<div
  className="item"
>
  <div
    className="content"
  >
    <div
      className="header"
    >
      Man. United - Liverpool
      , 
      Old Trafford
    </div>
    <div
      className="meta"
    >
      2018-02-05T13:45:00+02.00
       - Avspark kl.
      13.45
       p√•
      TV 2 Sport Premium
    </div>
    <div
      className="meta float-right"
    >
      Dommer:
      Martin Atkinson
    </div>
  </div>
</div>
`;
