// Jest Snapshot v1, https://goo.gl/fbAQLP

exports[`<Steps /> Should render properly 1`] = `
<div
  className="ui steps no-print"
>
  <div
    className="completed step"
    onClick={[Function]}
  >
    <i
      aria-hidden="true"
      className="checkmark icon"
      onClick={[Function]}
    />
    <div
      className="content"
    >
      <div
        className="title"
      >
        Liga valgt
      </div>
      <div
        className="description"
      >
        Du har valgt
        Eliteserien
      </div>
    </div>
  </div>
  <div
    className="active step"
    onClick={[Function]}
  >
    <i
      aria-hidden="true"
      className="numbered list icon"
      onClick={[Function]}
    />
    <div
      className="content"
    >
      <div
        className="title"
      >
        Velg runde
      </div>
      <div
        className="description"
      >
        Hvilken runde gjelder lefsen for?
      </div>
    </div>
  </div>
  <div
    className="disabled step"
    onClick={[Function]}
  >
    <i
      aria-hidden="true"
      className="print icon"
      onClick={[Function]}
    />
    <div
      className="content"
    >
      <div
        className="title"
      >
        Print
      </div>
      <div
        className="description"
      >
        Ctrl + P for Ã¥ printe lefsen
      </div>
    </div>
  </div>
  <div
    className="disabled step"
    onClick={[Function]}
  >
    <i
      aria-hidden="true"
      className="cocktail icon"
      onClick={[Function]}
    />
    <div
      className="content"
    >
      <div
        className="title"
      >
        Bra jobbet
      </div>
      <div
        className="description"
      >
        Ta deg en velfortjent pause!
      </div>
    </div>
  </div>
</div>
`;
