// Jest Snapshot v1, https://goo.gl/fbAQLP

exports[`<AboutAccordion /> Should render properly 1`] = `
<div
  className="accordion ui"
>
  <div
    className="active title"
    onClick={[Function]}
  >
    <i
      aria-hidden="true"
      className="dropdown icon"
      onClick={[Function]}
    />
    Motivasjon
  </div>
  <div
    className="content active"
  >
    <p>
      Motivasjonen til denne applikasjonen var å bli kvitt repeterende og kjedelig arbeid i forbindelse med forberedelser til FotballXtra.
    </p>
    <p>
      Ideen bak har hele tiden vært og få generert lefsen til FotballXtra med færrest mulige klikk. Fra første versjon av faresone-generatoren så dagens lys som Java-applikasjon i 2014 er dagens versjon oppdatert til å være web-basert. Det betyr at ny funksjonalitet kan komme ut fortere og alt man trenger er en nettleser for tilgang.
    </p>
  </div>
  <div
    className="title"
    onClick={[Function]}
  >
    <i
      aria-hidden="true"
      className="dropdown icon"
      onClick={[Function]}
    />
    Kan det legges til flere ligaer?
  </div>
  <div
    className="content"
  >
    <p>
      Ja, det kan legges til flere ligaer. Alt man trenger er liga-id og sesong-id fra
       
      <a
        href="http://www.altomfotball.no"
      >
        altomfotball.no
      </a>
      . Foreløpig må det gjøres via Sindre Moldeklev, men i fremtiden kan det være det kan bli gjort av deg som bruker.
    </p>
  </div>
  <div
    className="title"
    onClick={[Function]}
  >
    <i
      aria-hidden="true"
      className="dropdown icon"
      onClick={[Function]}
    />
    Hvordan fungerer det?
  </div>
  <div
    className="content"
  >
    <p>
      Dataene hentes direkte fra samme kilde som Homla og andre systemer i TV 2. Vi kan dermed være sikre på at det vi bruker på luft også er det vi ser på sidene her.
    </p>
    <p>
      For Faresone-komponenten for bruk på sending så hentes de spillerne som er i faresonen ned og lagret i nettleseren. Dermed får man besjed dersom
    </p>
  </div>
</div>
`;
